<?xml version="1.0" encoding="UTF-8"?>
<testsuites>
  <testsuite name="" tests="6" assertions="19" errors="0" warnings="0" failures="0" skipped="0" time="0.004762">
    <testsuite name="Squalo API Test Suite" tests="6" assertions="19" errors="0" warnings="0" failures="0" skipped="0" time="0.004762">
      <testsuite name="Tests\ApiTest" file="D:\webdocs\api-ebanx\tests\ApiTest.php" tests="6" assertions="19" errors="0" warnings="0" failures="0" skipped="0" time="0.004762">
        <testcase name="testDepositCreatesAccount" class="Tests\ApiTest" classname="Tests.ApiTest" file="D:\webdocs\api-ebanx\tests\ApiTest.php" line="18" assertions="5" time="0.003376"/>
        <testcase name="testWithdrawFromExistingAccount" class="Tests\ApiTest" classname="Tests.ApiTest" file="D:\webdocs\api-ebanx\tests\ApiTest.php" line="33" assertions="5" time="0.000442"/>
        <testcase name="testWithdrawFromNonExistentAccount" class="Tests\ApiTest" classname="Tests.ApiTest" file="D:\webdocs\api-ebanx\tests\ApiTest.php" line="54" assertions="1" time="0.000170"/>
        <testcase name="testTransferBetweenAccounts" class="Tests\ApiTest" classname="Tests.ApiTest" file="D:\webdocs\api-ebanx\tests\ApiTest.php" line="69" assertions="6" time="0.000361"/>
        <testcase name="testGetBalance" class="Tests\ApiTest" classname="Tests.ApiTest" file="D:\webdocs\api-ebanx\tests\ApiTest.php" line="92" assertions="1" time="0.000263"/>
        <testcase name="testGetBalanceForNonExistentAccount" class="Tests\ApiTest" classname="Tests.ApiTest" file="D:\webdocs\api-ebanx\tests\ApiTest.php" line="108" assertions="1" time="0.000151"/>
      </testsuite>
    </testsuite>
  </testsuite>
</testsuites>
